app/(tabs)/(home)/index.tsx(47,46): error TS2459: Module '"@/store/announcement-store"' declares 'API_URL' locally, but it is not exported.
mocks/data.ts(55,5): error TS2741: Property 'hostelName' is missing in type '{ id: string; title: string; description: string; date: string; issuedBy: string; priority: "urgent"; isNew: true; category: string; }' but required in type 'Notice'.
mocks/data.ts(65,5): error TS2741: Property 'hostelName' is missing in type '{ id: string; title: string; description: string; date: string; issuedBy: string; priority: "important"; isNew: true; category: string; }' but required in type 'Notice'.
mocks/data.ts(75,5): error TS2741: Property 'hostelName' is missing in type '{ id: string; title: string; description: string; date: string; issuedBy: string; priority: "important"; isNew: true; category: string; }' but required in type 'Notice'.
mocks/data.ts(85,5): error TS2741: Property 'hostelName' is missing in type '{ id: string; title: string; description: string; date: string; issuedBy: string; priority: "normal"; isNew: false; category: string; }' but required in type 'Notice'.
mocks/data.ts(95,5): error TS2741: Property 'hostelName' is missing in type '{ id: string; title: string; description: string; date: string; issuedBy: string; priority: "normal"; isNew: false; category: string; }' but required in type 'Notice'.
mocks/data.ts(105,5): error TS2741: Property 'hostelName' is missing in type '{ id: string; title: string; description: string; date: string; issuedBy: string; priority: "important"; isNew: false; category: string; }' but required in type 'Notice'.
mocks/data.ts(115,5): error TS2741: Property 'hostelName' is missing in type '{ id: string; title: string; description: string; date: string; issuedBy: string; priority: "normal"; isNew: false; category: string; }' but required in type 'Notice'.
